q1. get the calender and date

cal

[samo@DESKTOP-9M2HMHV ~]$ cal
     April 2025
Su Mo Tu We Th Fr Sa
       1  2  3  4  5
 6  7  8  9 10 11 12
13 14 15 16 17 18 19
20 21 22 23 24 25 26
27 28 29 30

date

[samo@DESKTOP-9M2HMHV ~]$ date
Sun Apr  6 23:02:30 +0530 2025


q2. get the student name and marks from the user and then calculate
output:-
	Enter the name: Isuru
	Enter the mark for subject1:80
	Enter the mark for subject2:90
	Enter the mark for subject3:70
	Total

echo "Enter the name: "
read name
echo "Enter the mark for subject1 : "
read m1
echo "Enter the mark for subject2 : "
read m2
echo "Enter the mark for subject3 : "
read m3
echo "Total =" $((m1+m2+m3))
echo "Average = "  $(((m1+m2+m3)/3))

[samo@DESKTOP-9M2HMHV ~]$ vi sum.sh
[samo@DESKTOP-9M2HMHV ~]$ ls
abc.tsv       dataFile_copy.csv  program.sh      sum.sh     test3.csv
awkvars.out   new.txt            rows_test1.csv  test.csv   xyz.csv
dataFile.csv  prgrm1.sh          stu.txt         test1.csv
[samo@DESKTOP-9M2HMHV ~]$ chmod 777 sum.sh
[samo@DESKTOP-9M2HMHV ~]$ ls
abc.tsv       dataFile_copy.csv  program.sh      sum.sh     test3.csv
awkvars.out   new.txt            rows_test1.csv  test.csv   xyz.csv
dataFile.csv  prgrm1.sh          stu.txt         test1.csv
[samo@DESKTOP-9M2HMHV ~]$ ./sum.sh
Enter the name:
Isuru
Enter the mark for subject1 :
70
Enter the mark for subject2 :
80
Enter the mark for subject3 :
90
Total = 240
Average =  80


q3.Create calculator with arithmetic operators.
Output:-
	Enter the first number: 4
	Enter the second number: 2
	Summation: 6
	Substraction: 2
	Division: 2
	Multiplication:8
	
echo "Enter the first number: "
read n1
echo "Enter the second number: "
read n2
echo "Summation: " $((n1+n2))
echo "Subtraction: " $((n1-n2))
echo "Multiplication: " $((n1*n2))
echo "Devision: " $((n1/n2))
	
[samo@DESKTOP-9M2HMHV ~]$ vi algOpr.sh
[samo@DESKTOP-9M2HMHV ~]$ ls
abc.tsv      dataFile.csv       prgrm1.sh       stu.txt   test1.csv
algOpr.sh    dataFile_copy.csv  program.sh      sum.sh    test3.csv
awkvars.out  new.txt            rows_test1.csv  test.csv  xyz.csv
[samo@DESKTOP-9M2HMHV ~]$ chmod 777 algOpr.sh
[samo@DESKTOP-9M2HMHV ~]$ ls
abc.tsv      dataFile.csv       prgrm1.sh       stu.txt   test1.csv
algOpr.sh    dataFile_copy.csv  program.sh      sum.sh    test3.csv
awkvars.out  new.txt            rows_test1.csv  test.csv  xyz.csv
[samo@DESKTOP-9M2HMHV ~]$ ./algOpr.sh
Enter the first number:
4
Enter the second number:
2
Summation:  6
Subtraction:  2
Multiplication:  8
Devision:  2

	
q4. Get the days based on the user input
output:-
	Enter the number : 5
	Friday
	Enter the number : 9
	Unrecognized number

echo "Enter the Number: "
read n

if [ "$n" -eq 1 ]; then
    echo "Monday"
elif [ "$n" -eq 2 ]; then
    echo "Tuesday"
elif [ "$n" -eq 3 ]; then
    echo "Wednesday"
elif [ "$n" -eq 4 ]; then
    echo "Thursday"
elif [ "$n" -eq 5 ]; then
    echo "Friday"
elif [ "$n" -eq 6 ]; then
    echo "Saturday"
elif [ "$n" -eq 7 ]; then
    echo "Sunday"
else
    echo "Invalid"
fi

[samo@DESKTOP-9M2HMHV ~]$ vi day.sh
[samo@DESKTOP-9M2HMHV ~]$ chmod 777 day.sh
[samo@DESKTOP-9M2HMHV ~]$ ls
abc.tsv      dataFile.csv       new.txt     rows_test1.csv  test.csv   xyz.csv
algOpr.sh    dataFile_copy.csv  prgrm1.sh   stu.txt         test1.csv
awkvars.out  day.sh             program.sh  sum.sh          test3.csv
[samo@DESKTOP-9M2HMHV ~]$ ./day.sh
Enter the Number:
5
Friday

q5. Verify whether your user name is correct or not.(use your name as in your input)
output:-
	Enter user name:
	Mino
	User name is correct
	Enter user name:
	Pasi
	User name is incorrect
	
echo "Enter user name: "
read UName

if [ "$UName" == "Mino" ]; then
    echo "User name is correct"
else
    echo "User name is incorrect"
fi

[samo@DESKTOP-9M2HMHV ~]$ vi UserName.sh
[samo@DESKTOP-9M2HMHV ~]$ chmod 777 UserName.sh
[samo@DESKTOP-9M2HMHV ~]$ ls
UserName.sh  algOpr.sh    dataFile.csv       day.sh   prgrm1.sh   rows_test1.csv  sum.sh    test1.csv  xyz.csv
abc.tsv      awkvars.out  dataFile_copy.csv  new.txt  program.sh  stu.txt         test.csv  test3.csv
[samo@DESKTOP-9M2HMHV ~]$ ./UserName.sh
Enter user name:
Mani
User name is incorrect
[samo@DESKTOP-9M2HMHV ~]$ ./UserName.sh
Enter user name:
Mino
User name is correct

q6.Enter two numbers and find the max
Output:- 
	Enter two numbers:
	7 5 
	7 is greater than 5
	
	Output:- 
	Enter two numbers:
	1 9
	9 is greater than 1
	
echo "Enter two numbers: "
read n1
read n2
if [ "$n1" -gt  "$n2" ]; then
    echo $n1 " is greater than " $n2
else
    echo $n1 " is less than " $n2
fi


q7. Create simple calculator using "expr" command same as the question 3

# Prompt the user to enter the first number.
echo "Enter the number 1:"

# Read and store the first number in the variable 'num1'.
read num1

# Prompt the user to enter the second number.
echo "Enter the number 2:"

# Read and store the second number in the variable 'num2'.
read num2

# Calculate the sum of num1 and num2 using the 'expr' command and store it in 'sum'.
sum=$(expr $num1 + $num2)

# Print the sum of the two numbers.
echo "Summation: $sum"

# Calculate the subtraction of num1 and num2 using 'expr' and store it in 'sub'.
sub=$(expr $num1 - $num2)

# Print the subtraction result.
echo "Subtraction: $sub"

# Calculate the multiplication of num1 and num2 using 'expr' (Note: '*' must be escaped with '\').
mul=$(expr $num1 \* $num2)

# Print the multiplication result.
echo "Multiplication: $mul"

# Check if num2 is not equal to zero before performing division.
if [ $num2 -ne 0 ]; then
    # Calculate the division of num1 by num2 using 'expr' and store it in 'div'.
    div=$(expr $num1 / $num2)

    # Print the division result.
    echo "Division: $div"
else
    # Print an error message to indicate that division by zero is not allowed.
    echo "Division: Error! Cannot divide by zero."
fi
